Archive member included to satisfy reference by file (symbol)

c:/st/stm32cubeide_1.5.1/stm32cubeide/plugins/com.st.stm32cube.ide.mcu.externaltools.gnu-tools-for-stm32.7-2018-q2-update.win32_1.5.0.202011040924/tools/bin/../lib/gcc/arm-none-eabi/7.3.1/../../../../arm-none-eabi/lib/thumb/v7e-m/fpv4-sp/hard\libc_nano.a(lib_a-errno.o)
                              Core/Src/syscalls.o (__errno)
c:/st/stm32cubeide_1.5.1/stm32cubeide/plugins/com.st.stm32cube.ide.mcu.externaltools.gnu-tools-for-stm32.7-2018-q2-update.win32_1.5.0.202011040924/tools/bin/../lib/gcc/arm-none-eabi/7.3.1/../../../../arm-none-eabi/lib/thumb/v7e-m/fpv4-sp/hard\libc_nano.a(lib_a-exit.o)
                              c:/st/stm32cubeide_1.5.1/stm32cubeide/plugins/com.st.stm32cube.ide.mcu.externaltools.gnu-tools-for-stm32.7-2018-q2-update.win32_1.5.0.202011040924/tools/bin/../lib/gcc/arm-none-eabi/7.3.1/../../../../arm-none-eabi/lib/thumb/v7e-m/fpv4-sp/hard/crt0.o (exit)
c:/st/stm32cubeide_1.5.1/stm32cubeide/plugins/com.st.stm32cube.ide.mcu.externaltools.gnu-tools-for-stm32.7-2018-q2-update.win32_1.5.0.202011040924/tools/bin/../lib/gcc/arm-none-eabi/7.3.1/../../../../arm-none-eabi/lib/thumb/v7e-m/fpv4-sp/hard\libc_nano.a(lib_a-impure.o)
                              c:/st/stm32cubeide_1.5.1/stm32cubeide/plugins/com.st.stm32cube.ide.mcu.externaltools.gnu-tools-for-stm32.7-2018-q2-update.win32_1.5.0.202011040924/tools/bin/../lib/gcc/arm-none-eabi/7.3.1/../../../../arm-none-eabi/lib/thumb/v7e-m/fpv4-sp/hard\libc_nano.a(lib_a-exit.o) (_global_impure_ptr)
c:/st/stm32cubeide_1.5.1/stm32cubeide/plugins/com.st.stm32cube.ide.mcu.externaltools.gnu-tools-for-stm32.7-2018-q2-update.win32_1.5.0.202011040924/tools/bin/../lib/gcc/arm-none-eabi/7.3.1/../../../../arm-none-eabi/lib/thumb/v7e-m/fpv4-sp/hard\libc_nano.a(lib_a-init.o)
                              c:/st/stm32cubeide_1.5.1/stm32cubeide/plugins/com.st.stm32cube.ide.mcu.externaltools.gnu-tools-for-stm32.7-2018-q2-update.win32_1.5.0.202011040924/tools/bin/../lib/gcc/arm-none-eabi/7.3.1/../../../../arm-none-eabi/lib/thumb/v7e-m/fpv4-sp/hard/crt0.o (__libc_init_array)
c:/st/stm32cubeide_1.5.1/stm32cubeide/plugins/com.st.stm32cube.ide.mcu.externaltools.gnu-tools-for-stm32.7-2018-q2-update.win32_1.5.0.202011040924/tools/bin/../lib/gcc/arm-none-eabi/7.3.1/../../../../arm-none-eabi/lib/thumb/v7e-m/fpv4-sp/hard\libc_nano.a(lib_a-memcpy-stub.o)
                              FreeRTOS/queue.o (memcpy)
c:/st/stm32cubeide_1.5.1/stm32cubeide/plugins/com.st.stm32cube.ide.mcu.externaltools.gnu-tools-for-stm32.7-2018-q2-update.win32_1.5.0.202011040924/tools/bin/../lib/gcc/arm-none-eabi/7.3.1/../../../../arm-none-eabi/lib/thumb/v7e-m/fpv4-sp/hard\libc_nano.a(lib_a-memset.o)
                              c:/st/stm32cubeide_1.5.1/stm32cubeide/plugins/com.st.stm32cube.ide.mcu.externaltools.gnu-tools-for-stm32.7-2018-q2-update.win32_1.5.0.202011040924/tools/bin/../lib/gcc/arm-none-eabi/7.3.1/../../../../arm-none-eabi/lib/thumb/v7e-m/fpv4-sp/hard/crt0.o (memset)
c:/st/stm32cubeide_1.5.1/stm32cubeide/plugins/com.st.stm32cube.ide.mcu.externaltools.gnu-tools-for-stm32.7-2018-q2-update.win32_1.5.0.202011040924/tools/bin/../lib/gcc/arm-none-eabi/7.3.1/thumb/v7e-m/fpv4-sp/hard\libgcc.a(_aeabi_uldivmod.o)
                              Drivers/STM32F4xx_HAL_Driver/Src/stm32f4xx_hal_rcc.o (__aeabi_uldivmod)
c:/st/stm32cubeide_1.5.1/stm32cubeide/plugins/com.st.stm32cube.ide.mcu.externaltools.gnu-tools-for-stm32.7-2018-q2-update.win32_1.5.0.202011040924/tools/bin/../lib/gcc/arm-none-eabi/7.3.1/thumb/v7e-m/fpv4-sp/hard\libgcc.a(_udivmoddi4.o)
                              c:/st/stm32cubeide_1.5.1/stm32cubeide/plugins/com.st.stm32cube.ide.mcu.externaltools.gnu-tools-for-stm32.7-2018-q2-update.win32_1.5.0.202011040924/tools/bin/../lib/gcc/arm-none-eabi/7.3.1/thumb/v7e-m/fpv4-sp/hard\libgcc.a(_aeabi_uldivmod.o) (__udivmoddi4)
c:/st/stm32cubeide_1.5.1/stm32cubeide/plugins/com.st.stm32cube.ide.mcu.externaltools.gnu-tools-for-stm32.7-2018-q2-update.win32_1.5.0.202011040924/tools/bin/../lib/gcc/arm-none-eabi/7.3.1/thumb/v7e-m/fpv4-sp/hard\libgcc.a(_dvmd_tls.o)
                              c:/st/stm32cubeide_1.5.1/stm32cubeide/plugins/com.st.stm32cube.ide.mcu.externaltools.gnu-tools-for-stm32.7-2018-q2-update.win32_1.5.0.202011040924/tools/bin/../lib/gcc/arm-none-eabi/7.3.1/thumb/v7e-m/fpv4-sp/hard\libgcc.a(_aeabi_uldivmod.o) (__aeabi_ldiv0)

Allocating common symbols
Common symbol       size              file

xSemaphore          0x4               Core/Src/main.o
uwTick              0x4               Drivers/STM32F4xx_HAL_Driver/Src/stm32f4xx_hal.o
xQueueRegistry      0x40              FreeRTOS/queue.o
pFlash              0x20              Drivers/STM32F4xx_HAL_Driver/Src/stm32f4xx_hal_flash.o
htim6               0x40              Core/Src/stm32f4xx_hal_timebase_tim.o
hspi1               0x58              Core/Src/main.o

Discarded input sections

[...]
Memory Configuration

Name             Origin             Length             Attributes
CCMRAM           0x0000000010000000 0x0000000000010000 xrw
RAM              0x0000000020000000 0x0000000000020000 xrw
FLASH            0x0000000008000000 0x0000000000100000 xr
*default*        0x0000000000000000 0xffffffffffffffff

Linker script and memory map

LOAD c:/st/stm32cubeide_1.5.1/stm32cubeide/plugins/com.st.stm32cube.ide.mcu.externaltools.gnu-tools-for-stm32.7-2018-q2-update.win32_1.5.0.202011040924/tools/bin/../lib/gcc/arm-none-eabi/7.3.1/thumb/v7e-m/fpv4-sp/hard/crti.o
LOAD c:/st/stm32cubeide_1.5.1/stm32cubeide/plugins/com.st.stm32cube.ide.mcu.externaltools.gnu-tools-for-stm32.7-2018-q2-update.win32_1.5.0.202011040924/tools/bin/../lib/gcc/arm-none-eabi/7.3.1/thumb/v7e-m/fpv4-sp/hard/crtbegin.o
LOAD c:/st/stm32cubeide_1.5.1/stm32cubeide/plugins/com.st.stm32cube.ide.mcu.externaltools.gnu-tools-for-stm32.7-2018-q2-update.win32_1.5.0.202011040924/tools/bin/../lib/gcc/arm-none-eabi/7.3.1/../../../../arm-none-eabi/lib/thumb/v7e-m/fpv4-sp/hard/crt0.o
LOAD Core/Src/main.o
LOAD Core/Src/stm32f4xx_hal_msp.o
LOAD Core/Src/stm32f4xx_hal_timebase_tim.o
LOAD Core/Src/stm32f4xx_it.o
LOAD Core/Src/syscalls.o
LOAD Core/Src/sysmem.o
LOAD Core/Src/system_stm32f4xx.o
LOAD Core/Startup/startup_stm32f407vgtx.o
LOAD Drivers/STM32F4xx_HAL_Driver/Src/stm32f4xx_hal.o
LOAD Drivers/STM32F4xx_HAL_Driver/Src/stm32f4xx_hal_cortex.o
LOAD Drivers/STM32F4xx_HAL_Driver/Src/stm32f4xx_hal_dma.o
LOAD Drivers/STM32F4xx_HAL_Driver/Src/stm32f4xx_hal_dma_ex.o
LOAD Drivers/STM32F4xx_HAL_Driver/Src/stm32f4xx_hal_exti.o
LOAD Drivers/STM32F4xx_HAL_Driver/Src/stm32f4xx_hal_flash.o
LOAD Drivers/STM32F4xx_HAL_Driver/Src/stm32f4xx_hal_flash_ex.o
LOAD Drivers/STM32F4xx_HAL_Driver/Src/stm32f4xx_hal_flash_ramfunc.o
LOAD Drivers/STM32F4xx_HAL_Driver/Src/stm32f4xx_hal_gpio.o
LOAD Drivers/STM32F4xx_HAL_Driver/Src/stm32f4xx_hal_pwr.o
LOAD Drivers/STM32F4xx_HAL_Driver/Src/stm32f4xx_hal_pwr_ex.o
LOAD Drivers/STM32F4xx_HAL_Driver/Src/stm32f4xx_hal_rcc.o
LOAD Drivers/STM32F4xx_HAL_Driver/Src/stm32f4xx_hal_rcc_ex.o
LOAD Drivers/STM32F4xx_HAL_Driver/Src/stm32f4xx_hal_spi.o
LOAD Drivers/STM32F4xx_HAL_Driver/Src/stm32f4xx_hal_tim.o
LOAD Drivers/STM32F4xx_HAL_Driver/Src/stm32f4xx_hal_tim_ex.o
LOAD FreeRTOS/croutine.o
LOAD FreeRTOS/event_groups.o
LOAD FreeRTOS/list.o
LOAD FreeRTOS/queue.o
LOAD FreeRTOS/stream_buffer.o
LOAD FreeRTOS/tasks.o
LOAD FreeRTOS/timers.o
LOAD FreeRTOS/portable/ARM_CM4F/port.o
LOAD FreeRTOS/portable/MemMang/heap_4.o
START GROUP
LOAD c:/st/stm32cubeide_1.5.1/stm32cubeide/plugins/com.st.stm32cube.ide.mcu.externaltools.gnu-tools-for-stm32.7-2018-q2-update.win32_1.5.0.202011040924/tools/bin/../lib/gcc/arm-none-eabi/7.3.1/../../../../arm-none-eabi/lib/thumb/v7e-m/fpv4-sp/hard\libc_nano.a
LOAD c:/st/stm32cubeide_1.5.1/stm32cubeide/plugins/com.st.stm32cube.ide.mcu.externaltools.gnu-tools-for-stm32.7-2018-q2-update.win32_1.5.0.202011040924/tools/bin/../lib/gcc/arm-none-eabi/7.3.1/../../../../arm-none-eabi/lib/thumb/v7e-m/fpv4-sp/hard\libm.a
END GROUP
START GROUP
LOAD c:/st/stm32cubeide_1.5.1/stm32cubeide/plugins/com.st.stm32cube.ide.mcu.externaltools.gnu-tools-for-stm32.7-2018-q2-update.win32_1.5.0.202011040924/tools/bin/../lib/gcc/arm-none-eabi/7.3.1/thumb/v7e-m/fpv4-sp/hard\libgcc.a
LOAD c:/st/stm32cubeide_1.5.1/stm32cubeide/plugins/com.st.stm32cube.ide.mcu.externaltools.gnu-tools-for-stm32.7-2018-q2-update.win32_1.5.0.202011040924/tools/bin/../lib/gcc/arm-none-eabi/7.3.1/../../../../arm-none-eabi/lib/thumb/v7e-m/fpv4-sp/hard\libc_nano.a
END GROUP
START GROUP
LOAD c:/st/stm32cubeide_1.5.1/stm32cubeide/plugins/com.st.stm32cube.ide.mcu.externaltools.gnu-tools-for-stm32.7-2018-q2-update.win32_1.5.0.202011040924/tools/bin/../lib/gcc/arm-none-eabi/7.3.1/thumb/v7e-m/fpv4-sp/hard\libgcc.a
LOAD c:/st/stm32cubeide_1.5.1/stm32cubeide/plugins/com.st.stm32cube.ide.mcu.externaltools.gnu-tools-for-stm32.7-2018-q2-update.win32_1.5.0.202011040924/tools/bin/../lib/gcc/arm-none-eabi/7.3.1/../../../../arm-none-eabi/lib/thumb/v7e-m/fpv4-sp/hard\libc_nano.a
LOAD c:/st/stm32cubeide_1.5.1/stm32cubeide/plugins/com.st.stm32cube.ide.mcu.externaltools.gnu-tools-for-stm32.7-2018-q2-update.win32_1.5.0.202011040924/tools/bin/../lib/gcc/arm-none-eabi/7.3.1/../../../../arm-none-eabi/lib/thumb/v7e-m/fpv4-sp/hard\libnosys.a
END GROUP
START GROUP
LOAD c:/st/stm32cubeide_1.5.1/stm32cubeide/plugins/com.st.stm32cube.ide.mcu.externaltools.gnu-tools-for-stm32.7-2018-q2-update.win32_1.5.0.202011040924/tools/bin/../lib/gcc/arm-none-eabi/7.3.1/thumb/v7e-m/fpv4-sp/hard\libgcc.a
LOAD c:/st/stm32cubeide_1.5.1/stm32cubeide/plugins/com.st.stm32cube.ide.mcu.externaltools.gnu-tools-for-stm32.7-2018-q2-update.win32_1.5.0.202011040924/tools/bin/../lib/gcc/arm-none-eabi/7.3.1/../../../../arm-none-eabi/lib/thumb/v7e-m/fpv4-sp/hard\libc_nano.a
LOAD c:/st/stm32cubeide_1.5.1/stm32cubeide/plugins/com.st.stm32cube.ide.mcu.externaltools.gnu-tools-for-stm32.7-2018-q2-update.win32_1.5.0.202011040924/tools/bin/../lib/gcc/arm-none-eabi/7.3.1/../../../../arm-none-eabi/lib/thumb/v7e-m/fpv4-sp/hard\libnosys.a
END GROUP
LOAD c:/st/stm32cubeide_1.5.1/stm32cubeide/plugins/com.st.stm32cube.ide.mcu.externaltools.gnu-tools-for-stm32.7-2018-q2-update.win32_1.5.0.202011040924/tools/bin/../lib/gcc/arm-none-eabi/7.3.1/thumb/v7e-m/fpv4-sp/hard/crtend.o
LOAD c:/st/stm32cubeide_1.5.1/stm32cubeide/plugins/com.st.stm32cube.ide.mcu.externaltools.gnu-tools-for-stm32.7-2018-q2-update.win32_1.5.0.202011040924/tools/bin/../lib/gcc/arm-none-eabi/7.3.1/thumb/v7e-m/fpv4-sp/hard/crtn.o
                0x0000000020020000                _estack = (ORIGIN (RAM) + LENGTH (RAM))
                0x0000000000000200                _Min_Heap_Size = 0x200
                0x0000000000000400                _Min_Stack_Size = 0x400

.isr_vector     0x0000000008000000      0x188
                0x0000000008000000                . = ALIGN (0x4)
 *(.isr_vector)
 .isr_vector    0x0000000008000000      0x188 Core/Startup/startup_stm32f407vgtx.o
                0x0000000008000000                g_pfnVectors
                0x0000000008000188                . = ALIGN (0x4)

.text           0x0000000008000190     0x4db4
                0x0000000008000190                . = ALIGN (0x4)
 *(.text)
 .text          0x0000000008000190       0x40 c:/st/stm32cubeide_1.5.1/stm32cubeide/plugins/com.st.stm32cube.ide.mcu.externaltools.gnu-tools-for-stm32.7-2018-q2-update.win32_1.5.0.202011040924/tools/bin/../lib/gcc/arm-none-eabi/7.3.1/thumb/v7e-m/fpv4-sp/hard/crtbegin.o
 .text          0x00000000080001d0       0x30 c:/st/stm32cubeide_1.5.1/stm32cubeide/plugins/com.st.stm32cube.ide.mcu.externaltools.gnu-tools-for-stm32.7-2018-q2-update.win32_1.5.0.202011040924/tools/bin/../lib/gcc/arm-none-eabi/7.3.1/thumb/v7e-m/fpv4-sp/hard\libgcc.a(_aeabi_uldivmod.o)
                0x00000000080001d0                __aeabi_uldivmod
 .text          0x0000000008000200      0x2cc c:/st/stm32cubeide_1.5.1/stm32cubeide/plugins/com.st.stm32cube.ide.mcu.externaltools.gnu-tools-for-stm32.7-2018-q2-update.win32_1.5.0.202011040924/tools/bin/../lib/gcc/arm-none-eabi/7.3.1/thumb/v7e-m/fpv4-sp/hard\libgcc.a(_udivmoddi4.o)
                0x0000000008000200                __udivmoddi4
 .text          0x00000000080004cc        0x4 c:/st/stm32cubeide_1.5.1/stm32cubeide/plugins/com.st.stm32cube.ide.mcu.externaltools.gnu-tools-for-stm32.7-2018-q2-update.win32_1.5.0.202011040924/tools/bin/../lib/gcc/arm-none-eabi/7.3.1/thumb/v7e-m/fpv4-sp/hard\libgcc.a(_dvmd_tls.o)
                0x00000000080004cc                __aeabi_idiv0
                0x00000000080004cc                __aeabi_ldiv0
 *(.text*)
 .text.MEMS_Write
                0x00000000080004d0       0x4c Core/Src/main.o
                0x00000000080004d0                MEMS_Write
 .text.vlab2_sensor_init
                0x000000000800051c       0x58 Core/Src/main.o
                0x000000000800051c                vlab2_sensor_init
 .text.Task1_Task
                0x0000000008000574       0x20 Core/Src/main.o
                0x0000000008000574                Task1_Task
 .text.HandlerTask_Task
                0x0000000008000594       0x64 Core/Src/main.o
                0x0000000008000594                HandlerTask_Task
 .text.main     0x00000000080005f8       0x68 Core/Src/main.o
                0x00000000080005f8                main
 .text.SystemClock_Config
                0x0000000008000660       0xbc Core/Src/main.o
                0x0000000008000660                SystemClock_Config
 .text.MX_SPI1_Init
                0x000000000800071c       0x6c Core/Src/main.o
 .text.MX_GPIO_Init
                0x0000000008000788       0xfc Core/Src/main.o
 .text.HAL_GPIO_EXTI_Callback
                0x0000000008000884       0x54 Core/Src/main.o
                0x0000000008000884                HAL_GPIO_EXTI_Callback
 .text.HAL_TIM_PeriodElapsedCallback
                0x00000000080008d8       0x24 Core/Src/main.o
                0x00000000080008d8                HAL_TIM_PeriodElapsedCallback
 .text.Error_Handler
                0x00000000080008fc        0x8 Core/Src/main.o
                0x00000000080008fc                Error_Handler
 .text.HAL_MspInit
                0x0000000008000904       0x50 Core/Src/stm32f4xx_hal_msp.o
                0x0000000008000904                HAL_MspInit
 .text.HAL_SPI_MspInit
                0x0000000008000954       0x90 Core/Src/stm32f4xx_hal_msp.o
                0x0000000008000954                HAL_SPI_MspInit
 .text.HAL_InitTick
                0x00000000080009e4       0xb0 Core/Src/stm32f4xx_hal_timebase_tim.o
                0x00000000080009e4                HAL_InitTick
 .text.NMI_Handler
                0x0000000008000a94        0x6 Core/Src/stm32f4xx_it.o
                0x0000000008000a94                NMI_Handler
 .text.HardFault_Handler
                0x0000000008000a9a        0x6 Core/Src/stm32f4xx_it.o
                0x0000000008000a9a                HardFault_Handler
 .text.MemManage_Handler
                0x0000000008000aa0        0x6 Core/Src/stm32f4xx_it.o
                0x0000000008000aa0                MemManage_Handler
 .text.BusFault_Handler
                0x0000000008000aa6        0x6 Core/Src/stm32f4xx_it.o
                0x0000000008000aa6                BusFault_Handler
 .text.UsageFault_Handler
                0x0000000008000aac        0x6 Core/Src/stm32f4xx_it.o
                0x0000000008000aac                UsageFault_Handler
 .text.DebugMon_Handler
                0x0000000008000ab2        0xe Core/Src/stm32f4xx_it.o
                0x0000000008000ab2                DebugMon_Handler
 .text.EXTI0_IRQHandler
                0x0000000008000ac0        0xe Core/Src/stm32f4xx_it.o
                0x0000000008000ac0                EXTI0_IRQHandler
 *fill*         0x0000000008000ace        0x2 
 .text.TIM6_DAC_IRQHandler
                0x0000000008000ad0       0x14 Core/Src/stm32f4xx_it.o
                0x0000000008000ad0                TIM6_DAC_IRQHandler
 .text.SystemInit
                0x0000000008000ae4       0x2c Core/Src/system_stm32f4xx.o
                0x0000000008000ae4                SystemInit
 .text.Reset_Handler
                0x0000000008000b10       0x50 Core/Startup/startup_stm32f407vgtx.o
                0x0000000008000b10                Reset_Handler
 .text.Default_Handler
                0x0000000008000b60        0x2 Core/Startup/startup_stm32f407vgtx.o
                0x0000000008000b60                RTC_Alarm_IRQHandler
                0x0000000008000b60                HASH_RNG_IRQHandler
                0x0000000008000b60                EXTI2_IRQHandler
                0x0000000008000b60                TIM8_CC_IRQHandler
                0x0000000008000b60                TIM1_CC_IRQHandler
                0x0000000008000b60                DMA2_Stream5_IRQHandler
                0x0000000008000b60                DMA1_Stream5_IRQHandler
                0x0000000008000b60                PVD_IRQHandler
                0x0000000008000b60                SDIO_IRQHandler
                0x0000000008000b60                TAMP_STAMP_IRQHandler
                0x0000000008000b60                CAN2_RX1_IRQHandler
                0x0000000008000b60                EXTI3_IRQHandler
                0x0000000008000b60                TIM8_TRG_COM_TIM14_IRQHandler
                0x0000000008000b60                TIM1_UP_TIM10_IRQHandler
                0x0000000008000b60                TIM8_UP_TIM13_IRQHandler
                0x0000000008000b60                I2C3_ER_IRQHandler
                0x0000000008000b60                I2C2_EV_IRQHandler
                0x0000000008000b60                DMA1_Stream2_IRQHandler
                0x0000000008000b60                CAN1_RX0_IRQHandler
                0x0000000008000b60                FPU_IRQHandler
                0x0000000008000b60                OTG_HS_WKUP_IRQHandler
                0x0000000008000b60                CAN2_SCE_IRQHandler
                0x0000000008000b60                DMA2_Stream2_IRQHandler
                0x0000000008000b60                SPI1_IRQHandler
                0x0000000008000b60                TIM1_BRK_TIM9_IRQHandler
                0x0000000008000b60                DCMI_IRQHandler
                0x0000000008000b60                CAN2_RX0_IRQHandler
                0x0000000008000b60                DMA2_Stream3_IRQHandler
                0x0000000008000b60                USART6_IRQHandler
                0x0000000008000b60                USART3_IRQHandler
                0x0000000008000b60                CAN1_RX1_IRQHandler
                0x0000000008000b60                UART5_IRQHandler
                0x0000000008000b60                DMA2_Stream0_IRQHandler
                0x0000000008000b60                TIM4_IRQHandler
                0x0000000008000b60                I2C1_EV_IRQHandler
                0x0000000008000b60                DMA1_Stream6_IRQHandler
                0x0000000008000b60                DMA1_Stream1_IRQHandler
                0x0000000008000b60                UART4_IRQHandler
                0x0000000008000b60                TIM3_IRQHandler
                0x0000000008000b60                RCC_IRQHandler
                0x0000000008000b60                TIM8_BRK_TIM12_IRQHandler
                0x0000000008000b60                Default_Handler
                0x0000000008000b60                EXTI15_10_IRQHandler
                0x0000000008000b60                ADC_IRQHandler
                0x0000000008000b60                DMA1_Stream7_IRQHandler
                0x0000000008000b60                TIM7_IRQHandler
                0x0000000008000b60                CAN2_TX_IRQHandler
                0x0000000008000b60                TIM5_IRQHandler
                0x0000000008000b60                DMA2_Stream7_IRQHandler
                0x0000000008000b60                I2C3_EV_IRQHandler
                0x0000000008000b60                EXTI9_5_IRQHandler
                0x0000000008000b60                RTC_WKUP_IRQHandler
                0x0000000008000b60                ETH_WKUP_IRQHandler
                0x0000000008000b60                SPI2_IRQHandler
                0x0000000008000b60                OTG_HS_EP1_IN_IRQHandler
                0x0000000008000b60                DMA1_Stream0_IRQHandler
                0x0000000008000b60                CAN1_TX_IRQHandler
                0x0000000008000b60                EXTI4_IRQHandler
                0x0000000008000b60                FSMC_IRQHandler
                0x0000000008000b60                ETH_IRQHandler
                0x0000000008000b60                OTG_HS_EP1_OUT_IRQHandler
                0x0000000008000b60                WWDG_IRQHandler
                0x0000000008000b60                TIM2_IRQHandler
                0x0000000008000b60                OTG_FS_WKUP_IRQHandler
                0x0000000008000b60                TIM1_TRG_COM_TIM11_IRQHandler
                0x0000000008000b60                OTG_HS_IRQHandler
                0x0000000008000b60                EXTI1_IRQHandler
                0x0000000008000b60                USART2_IRQHandler
                0x0000000008000b60                I2C2_ER_IRQHandler
                0x0000000008000b60                DMA2_Stream1_IRQHandler
                0x0000000008000b60                CAN1_SCE_IRQHandler
                0x0000000008000b60                FLASH_IRQHandler
                0x0000000008000b60                DMA2_Stream4_IRQHandler
                0x0000000008000b60                USART1_IRQHandler
                0x0000000008000b60                OTG_FS_IRQHandler
                0x0000000008000b60                SPI3_IRQHandler
                0x0000000008000b60                DMA1_Stream4_IRQHandler
                0x0000000008000b60                I2C1_ER_IRQHandler
                0x0000000008000b60                DMA2_Stream6_IRQHandler
                0x0000000008000b60                DMA1_Stream3_IRQHandler
 *fill*         0x0000000008000b62        0x2 
 .text.HAL_Init
                0x0000000008000b64       0x44 Drivers/STM32F4xx_HAL_Driver/Src/stm32f4xx_hal.o
                0x0000000008000b64                HAL_Init
 .text.HAL_IncTick
                0x0000000008000ba8       0x28 Drivers/STM32F4xx_HAL_Driver/Src/stm32f4xx_hal.o
                0x0000000008000ba8                HAL_IncTick
 .text.HAL_GetTick
                0x0000000008000bd0       0x18 Drivers/STM32F4xx_HAL_Driver/Src/stm32f4xx_hal.o
                0x0000000008000bd0                HAL_GetTick
 .text.__NVIC_SetPriorityGrouping
                0x0000000008000be8       0x48 Drivers/STM32F4xx_HAL_Driver/Src/stm32f4xx_hal_cortex.o
 .text.__NVIC_GetPriorityGrouping
                0x0000000008000c30       0x1c Drivers/STM32F4xx_HAL_Driver/Src/stm32f4xx_hal_cortex.o
 .text.__NVIC_EnableIRQ
                0x0000000008000c4c       0x3c Drivers/STM32F4xx_HAL_Driver/Src/stm32f4xx_hal_cortex.o
 .text.__NVIC_SetPriority
                0x0000000008000c88       0x54 Drivers/STM32F4xx_HAL_Driver/Src/stm32f4xx_hal_cortex.o
 .text.NVIC_EncodePriority
                0x0000000008000cdc       0x66 Drivers/STM32F4xx_HAL_Driver/Src/stm32f4xx_hal_cortex.o
 .text.HAL_NVIC_SetPriorityGrouping
                0x0000000008000d42       0x16 Drivers/STM32F4xx_HAL_Driver/Src/stm32f4xx_hal_cortex.o
                0x0000000008000d42                HAL_NVIC_SetPriorityGrouping
 .text.HAL_NVIC_SetPriority
                0x0000000008000d58       0x38 Drivers/STM32F4xx_HAL_Driver/Src/stm32f4xx_hal_cortex.o
                0x0000000008000d58                HAL_NVIC_SetPriority
 .text.HAL_NVIC_EnableIRQ
                0x0000000008000d90       0x1c Drivers/STM32F4xx_HAL_Driver/Src/stm32f4xx_hal_cortex.o
                0x0000000008000d90                HAL_NVIC_EnableIRQ
 .text.HAL_GPIO_Init
                0x0000000008000dac      0x334 Drivers/STM32F4xx_HAL_Driver/Src/stm32f4xx_hal_gpio.o
                0x0000000008000dac                HAL_GPIO_Init
 .text.HAL_GPIO_WritePin
                0x00000000080010e0       0x32 Drivers/STM32F4xx_HAL_Driver/Src/stm32f4xx_hal_gpio.o
                0x00000000080010e0                HAL_GPIO_WritePin
 .text.HAL_GPIO_TogglePin
                0x0000000008001112       0x36 Drivers/STM32F4xx_HAL_Driver/Src/stm32f4xx_hal_gpio.o
                0x0000000008001112                HAL_GPIO_TogglePin
 .text.HAL_GPIO_EXTI_IRQHandler
                0x0000000008001148       0x30 Drivers/STM32F4xx_HAL_Driver/Src/stm32f4xx_hal_gpio.o
                0x0000000008001148                HAL_GPIO_EXTI_IRQHandler
 .text.HAL_RCC_OscConfig
                0x0000000008001178      0x4e0 Drivers/STM32F4xx_HAL_Driver/Src/stm32f4xx_hal_rcc.o
                0x0000000008001178                HAL_RCC_OscConfig
 .text.HAL_RCC_ClockConfig
                0x0000000008001658      0x1cc Drivers/STM32F4xx_HAL_Driver/Src/stm32f4xx_hal_rcc.o
                0x0000000008001658                HAL_RCC_ClockConfig
 .text.HAL_RCC_GetSysClockFreq
                0x0000000008001824      0x164 Drivers/STM32F4xx_HAL_Driver/Src/stm32f4xx_hal_rcc.o
                0x0000000008001824                HAL_RCC_GetSysClockFreq
 .text.HAL_RCC_GetHCLKFreq
                0x0000000008001988       0x18 Drivers/STM32F4xx_HAL_Driver/Src/stm32f4xx_hal_rcc.o
                0x0000000008001988                HAL_RCC_GetHCLKFreq
 .text.HAL_RCC_GetPCLK1Freq
                0x00000000080019a0       0x28 Drivers/STM32F4xx_HAL_Driver/Src/stm32f4xx_hal_rcc.o
                0x00000000080019a0                HAL_RCC_GetPCLK1Freq
 .text.HAL_RCC_GetClockConfig
                0x00000000080019c8       0x64 Drivers/STM32F4xx_HAL_Driver/Src/stm32f4xx_hal_rcc.o
                0x00000000080019c8                HAL_RCC_GetClockConfig
 .text.HAL_SPI_Init
                0x0000000008001a2c       0xc8 Drivers/STM32F4xx_HAL_Driver/Src/stm32f4xx_hal_spi.o
                0x0000000008001a2c                HAL_SPI_Init
 .text.HAL_SPI_Transmit
                0x0000000008001af4      0x268 Drivers/STM32F4xx_HAL_Driver/Src/stm32f4xx_hal_spi.o
                0x0000000008001af4                HAL_SPI_Transmit
 .text.SPI_WaitFlagStateUntilTimeout
                0x0000000008001d5c       0xd4 Drivers/STM32F4xx_HAL_Driver/Src/stm32f4xx_hal_spi.o
 .text.SPI_EndRxTxTransaction
                0x0000000008001e30       0x84 Drivers/STM32F4xx_HAL_Driver/Src/stm32f4xx_hal_spi.o
 .text.HAL_TIM_Base_Init
                0x0000000008001eb4       0x56 Drivers/STM32F4xx_HAL_Driver/Src/stm32f4xx_hal_tim.o
                0x0000000008001eb4                HAL_TIM_Base_Init
 .text.HAL_TIM_Base_MspInit
                0x0000000008001f0a       0x14 Drivers/STM32F4xx_HAL_Driver/Src/stm32f4xx_hal_tim.o
                0x0000000008001f0a                HAL_TIM_Base_MspInit
 .text.HAL_TIM_Base_Start_IT
                0x0000000008001f1e       0x48 Drivers/STM32F4xx_HAL_Driver/Src/stm32f4xx_hal_tim.o
                0x0000000008001f1e                HAL_TIM_Base_Start_IT
 .text.HAL_TIM_IRQHandler
                0x0000000008001f66      0x210 Drivers/STM32F4xx_HAL_Driver/Src/stm32f4xx_hal_tim.o
                0x0000000008001f66                HAL_TIM_IRQHandler
 .text.HAL_TIM_OC_DelayElapsedCallback
                0x0000000008002176       0x14 Drivers/STM32F4xx_HAL_Driver/Src/stm32f4xx_hal_tim.o
                0x0000000008002176                HAL_TIM_OC_DelayElapsedCallback
 .text.HAL_TIM_IC_CaptureCallback
                0x000000000800218a       0x14 Drivers/STM32F4xx_HAL_Driver/Src/stm32f4xx_hal_tim.o
                0x000000000800218a                HAL_TIM_IC_CaptureCallback
 .text.HAL_TIM_PWM_PulseFinishedCallback
                0x000000000800219e       0x14 Drivers/STM32F4xx_HAL_Driver/Src/stm32f4xx_hal_tim.o
                0x000000000800219e                HAL_TIM_PWM_PulseFinishedCallback
 .text.HAL_TIM_TriggerCallback
                0x00000000080021b2       0x14 Drivers/STM32F4xx_HAL_Driver/Src/stm32f4xx_hal_tim.o
                0x00000000080021b2                HAL_TIM_TriggerCallback
 *fill*         0x00000000080021c6        0x2 
 .text.TIM_Base_SetConfig
                0x00000000080021c8      0x140 Drivers/STM32F4xx_HAL_Driver/Src/stm32f4xx_hal_tim.o
                0x00000000080021c8                TIM_Base_SetConfig
 .text.HAL_TIMEx_CommutCallback
                0x0000000008002308       0x14 Drivers/STM32F4xx_HAL_Driver/Src/stm32f4xx_hal_tim_ex.o
                0x0000000008002308                HAL_TIMEx_CommutCallback
 .text.HAL_TIMEx_BreakCallback
                0x000000000800231c       0x14 Drivers/STM32F4xx_HAL_Driver/Src/stm32f4xx_hal_tim_ex.o
                0x000000000800231c                HAL_TIMEx_BreakCallback
 .text.vListInitialise
                0x0000000008002330       0x40 FreeRTOS/list.o
                0x0000000008002330                vListInitialise
 .text.vListInitialiseItem
                0x0000000008002370       0x1a FreeRTOS/list.o
                0x0000000008002370                vListInitialiseItem
 .text.vListInsertEnd
                0x000000000800238a       0x48 FreeRTOS/list.o
                0x000000000800238a                vListInsertEnd
 .text.vListInsert
                0x00000000080023d2       0x72 FreeRTOS/list.o
                0x00000000080023d2                vListInsert
 .text.uxListRemove
                0x0000000008002444       0x54 FreeRTOS/list.o
                0x0000000008002444                uxListRemove
 .text.xQueueGenericReset
                0x0000000008002498       0xd0 FreeRTOS/queue.o
                0x0000000008002498                xQueueGenericReset
 .text.xQueueGenericCreate
                0x0000000008002568       0x76 FreeRTOS/queue.o
                0x0000000008002568                xQueueGenericCreate
 .text.prvInitialiseNewQueue
                0x00000000080025de       0x46 FreeRTOS/queue.o
 .text.xQueueGenericSend
                0x0000000008002624      0x1f4 FreeRTOS/queue.o
                0x0000000008002624                xQueueGenericSend
 .text.xQueueGenericSendFromISR
                0x0000000008002818      0x128 FreeRTOS/queue.o
                0x0000000008002818                xQueueGenericSendFromISR
 .text.xQueueGiveFromISR
                0x0000000008002940      0x112 FreeRTOS/queue.o
                0x0000000008002940                xQueueGiveFromISR
 *fill*         0x0000000008002a52        0x2 
 .text.xQueueReceive
                0x0000000008002a54      0x1b8 FreeRTOS/queue.o
                0x0000000008002a54                xQueueReceive
 .text.xQueueSemaphoreTake
                0x0000000008002c0c      0x210 FreeRTOS/queue.o
                0x0000000008002c0c                xQueueSemaphoreTake
 .text.prvGetDisinheritPriorityAfterTimeout
                0x0000000008002e1c       0x30 FreeRTOS/queue.o
 .text.prvCopyDataToQueue
                0x0000000008002e4c       0xd4 FreeRTOS/queue.o
 .text.prvCopyDataFromQueue
                0x0000000008002f20       0x4c FreeRTOS/queue.o
 .text.prvUnlockQueue
                0x0000000008002f6c       0xa4 FreeRTOS/queue.o
 .text.prvIsQueueEmpty
                0x0000000008003010       0x2c FreeRTOS/queue.o
 .text.prvIsQueueFull
                0x000000000800303c       0x30 FreeRTOS/queue.o
 .text.vQueueAddToRegistry
                0x000000000800306c       0x50 FreeRTOS/queue.o
                0x000000000800306c                vQueueAddToRegistry
 .text.vQueueWaitForMessageRestricted
                0x00000000080030bc       0x68 FreeRTOS/queue.o
                0x00000000080030bc                vQueueWaitForMessageRestricted
 .text.xTaskCreate
                0x0000000008003124       0x82 FreeRTOS/tasks.o
                0x0000000008003124                xTaskCreate
 .text.prvInitialiseNewTask
                0x00000000080031a6      0x11c FreeRTOS/tasks.o
 *fill*         0x00000000080032c2        0x2 
 .text.prvAddNewTaskToReadyList
                0x00000000080032c4       0xdc FreeRTOS/tasks.o
 .text.vTaskDelay
                0x00000000080033a0       0x68 FreeRTOS/tasks.o
                0x00000000080033a0                vTaskDelay
 .text.vTaskStartScheduler
                0x0000000008003408       0x98 FreeRTOS/tasks.o
                0x0000000008003408                vTaskStartScheduler
 .text.vTaskSuspendAll
                0x00000000080034a0       0x1c FreeRTOS/tasks.o
                0x00000000080034a0                vTaskSuspendAll
 .text.xTaskResumeAll
                0x00000000080034bc      0x138 FreeRTOS/tasks.o
                0x00000000080034bc                xTaskResumeAll
 .text.xTaskGetTickCount
                0x00000000080035f4       0x20 FreeRTOS/tasks.o
                0x00000000080035f4                xTaskGetTickCount
 .text.xTaskIncrementTick
                0x0000000008003614      0x170 FreeRTOS/tasks.o
                0x0000000008003614                xTaskIncrementTick
 .text.vTaskSwitchContext
                0x0000000008003784       0xb4 FreeRTOS/tasks.o
                0x0000000008003784                vTaskSwitchContext
 .text.vTaskPlaceOnEventList
                0x0000000008003838       0x48 FreeRTOS/tasks.o
                0x0000000008003838                vTaskPlaceOnEventList
 .text.vTaskPlaceOnEventListRestricted
                0x0000000008003880       0x54 FreeRTOS/tasks.o
                0x0000000008003880                vTaskPlaceOnEventListRestricted
 .text.xTaskRemoveFromEventList
                0x00000000080038d4       0xc4 FreeRTOS/tasks.o
                0x00000000080038d4                xTaskRemoveFromEventList
 .text.vTaskInternalSetTimeOutState
                0x0000000008003998       0x2c FreeRTOS/tasks.o
                0x0000000008003998                vTaskInternalSetTimeOutState
 .text.xTaskCheckForTimeOut
                0x00000000080039c4       0xc0 FreeRTOS/tasks.o
                0x00000000080039c4                xTaskCheckForTimeOut
 .text.vTaskMissedYield
                0x0000000008003a84       0x18 FreeRTOS/tasks.o
                0x0000000008003a84                vTaskMissedYield
 .text.prvIdleTask
                0x0000000008003a9c       0x30 FreeRTOS/tasks.o
 .text.prvInitialiseTaskLists
                0x0000000008003acc       0x80 FreeRTOS/tasks.o
 .text.prvCheckTasksWaitingTermination
                0x0000000008003b4c       0x58 FreeRTOS/tasks.o
 .text.prvDeleteTCB
                0x0000000008003ba4       0x20 FreeRTOS/tasks.o
 .text.prvResetNextTaskUnblockTime
                0x0000000008003bc4       0x40 FreeRTOS/tasks.o
 .text.xTaskGetSchedulerState
                0x0000000008003c04       0x3c FreeRTOS/tasks.o
                0x0000000008003c04                xTaskGetSchedulerState
 .text.xTaskPriorityInherit
                0x0000000008003c40      0x100 FreeRTOS/tasks.o
                0x0000000008003c40                xTaskPriorityInherit
 .text.xTaskPriorityDisinherit
                0x0000000008003d40      0x108 FreeRTOS/tasks.o
                0x0000000008003d40                xTaskPriorityDisinherit
 .text.vTaskPriorityDisinheritAfterTimeout
                0x0000000008003e48      0x130 FreeRTOS/tasks.o
                0x0000000008003e48                vTaskPriorityDisinheritAfterTimeout
 .text.pvTaskIncrementMutexHeldCount
                0x0000000008003f78       0x28 FreeRTOS/tasks.o
                0x0000000008003f78                pvTaskIncrementMutexHeldCount
 .text.prvAddCurrentTaskToDelayedList
                0x0000000008003fa0       0xcc FreeRTOS/tasks.o
 .text.xTimerCreateTimerTask
                0x000000000800406c       0x64 FreeRTOS/timers.o
                0x000000000800406c                xTimerCreateTimerTask
 .text.xTimerGenericCommand
                0x00000000080040d0       0x98 FreeRTOS/timers.o
                0x00000000080040d0                xTimerGenericCommand
 .text.prvProcessExpiredTimer
                0x0000000008004168       0x98 FreeRTOS/timers.o
 .text.prvTimerTask
                0x0000000008004200       0x24 FreeRTOS/timers.o
 .text.prvProcessTimerOrBlockTask
                0x0000000008004224       0x9c FreeRTOS/timers.o
 .text.prvGetNextExpireTime
                0x00000000080042c0       0x48 FreeRTOS/timers.o
 .text.prvSampleTimeNow
                0x0000000008004308       0x40 FreeRTOS/timers.o
 .text.prvInsertTimerInActiveList
                0x0000000008004348       0x84 FreeRTOS/timers.o
 .text.prvProcessReceivedCommands
                0x00000000080043cc      0x188 FreeRTOS/timers.o
 .text.prvSwitchTimerLists
                0x0000000008004554       0xc8 FreeRTOS/timers.o
 .text.prvCheckForValidListAndQueue
                0x000000000800461c       0x6c FreeRTOS/timers.o
 .text.pxPortInitialiseStack
                0x0000000008004688       0x68 FreeRTOS/portable/ARM_CM4F/port.o
                0x0000000008004688                pxPortInitialiseStack
 .text.prvTaskExitError
                0x00000000080046f0       0x54 FreeRTOS/portable/ARM_CM4F/port.o
 *fill*         0x0000000008004744        0xc 
 .text.SVC_Handler
                0x0000000008004750       0x28 FreeRTOS/portable/ARM_CM4F/port.o
                0x0000000008004750                SVC_Handler
 .text.prvPortStartFirstTask
                0x0000000008004778       0x28 FreeRTOS/portable/ARM_CM4F/port.o
 .text.xPortStartScheduler
                0x00000000080047a0      0x13c FreeRTOS/portable/ARM_CM4F/port.o
                0x00000000080047a0                xPortStartScheduler
 .text.vPortEnterCritical
                0x00000000080048dc       0x5c FreeRTOS/portable/ARM_CM4F/port.o
                0x00000000080048dc                vPortEnterCritical
 .text.vPortExitCritical
                0x0000000008004938       0x50 FreeRTOS/portable/ARM_CM4F/port.o
                0x0000000008004938                vPortExitCritical
 *fill*         0x0000000008004988        0x8 
 .text.PendSV_Handler
                0x0000000008004990       0x68 FreeRTOS/portable/ARM_CM4F/port.o
                0x0000000008004990                PendSV_Handler
 .text.SysTick_Handler
                0x00000000080049f8       0x40 FreeRTOS/portable/ARM_CM4F/port.o
                0x00000000080049f8                SysTick_Handler
 .text.vPortSetupTimerInterrupt
                0x0000000008004a38       0x48 FreeRTOS/portable/ARM_CM4F/port.o
                0x0000000008004a38                vPortSetupTimerInterrupt
 .text.vPortEnableVFP
                0x0000000008004a80       0x14 FreeRTOS/portable/ARM_CM4F/port.o
 .text.vPortValidateInterruptPriority
                0x0000000008004a94       0x7c FreeRTOS/portable/ARM_CM4F/port.o
                0x0000000008004a94                vPortValidateInterruptPriority
 .text.pvPortMalloc
                0x0000000008004b10      0x184 FreeRTOS/portable/MemMang/heap_4.o
                0x0000000008004b10                pvPortMalloc
 .text.vPortFree
                0x0000000008004c94       0xb0 FreeRTOS/portable/MemMang/heap_4.o
                0x0000000008004c94                vPortFree
 .text.prvHeapInit
                0x0000000008004d44       0xc4 FreeRTOS/portable/MemMang/heap_4.o
 .text.prvInsertBlockIntoFreeList
                0x0000000008004e08       0xb4 FreeRTOS/portable/MemMang/heap_4.o
 .text.__libc_init_array
                0x0000000008004ebc       0x48 c:/st/stm32cubeide_1.5.1/stm32cubeide/plugins/com.st.stm32cube.ide.mcu.externaltools.gnu-tools-for-stm32.7-2018-q2-update.win32_1.5.0.202011040924/tools/bin/../lib/gcc/arm-none-eabi/7.3.1/../../../../arm-none-eabi/lib/thumb/v7e-m/fpv4-sp/hard\libc_nano.a(lib_a-init.o)
                0x0000000008004ebc                __libc_init_array
 .text.memcpy   0x0000000008004f04       0x16 c:/st/stm32cubeide_1.5.1/stm32cubeide/plugins/com.st.stm32cube.ide.mcu.externaltools.gnu-tools-for-stm32.7-2018-q2-update.win32_1.5.0.202011040924/tools/bin/../lib/gcc/arm-none-eabi/7.3.1/../../../../arm-none-eabi/lib/thumb/v7e-m/fpv4-sp/hard\libc_nano.a(lib_a-memcpy-stub.o)
                0x0000000008004f04                memcpy
 .text.memset   0x0000000008004f1a       0x10 c:/st/stm32cubeide_1.5.1/stm32cubeide/plugins/com.st.stm32cube.ide.mcu.externaltools.gnu-tools-for-stm32.7-2018-q2-update.win32_1.5.0.202011040924/tools/bin/../lib/gcc/arm-none-eabi/7.3.1/../../../../arm-none-eabi/lib/thumb/v7e-m/fpv4-sp/hard\libc_nano.a(lib_a-memset.o)
                0x0000000008004f1a                memset
 *(.glue_7)
 .glue_7        0x0000000008004f2a        0x0 linker stubs
 *(.glue_7t)
 .glue_7t       0x0000000008004f2a        0x0 linker stubs
 *(.eh_frame)
 *fill*         0x0000000008004f2a        0x2 
 .eh_frame      0x0000000008004f2c        0x0 c:/st/stm32cubeide_1.5.1/stm32cubeide/plugins/com.st.stm32cube.ide.mcu.externaltools.gnu-tools-for-stm32.7-2018-q2-update.win32_1.5.0.202011040924/tools/bin/../lib/gcc/arm-none-eabi/7.3.1/thumb/v7e-m/fpv4-sp/hard/crtbegin.o
 *(.init)
 .init          0x0000000008004f2c        0x4 c:/st/stm32cubeide_1.5.1/stm32cubeide/plugins/com.st.stm32cube.ide.mcu.externaltools.gnu-tools-for-stm32.7-2018-q2-update.win32_1.5.0.202011040924/tools/bin/../lib/gcc/arm-none-eabi/7.3.1/thumb/v7e-m/fpv4-sp/hard/crti.o
                0x0000000008004f2c                _init
 .init          0x0000000008004f30        0x8 c:/st/stm32cubeide_1.5.1/stm32cubeide/plugins/com.st.stm32cube.ide.mcu.externaltools.gnu-tools-for-stm32.7-2018-q2-update.win32_1.5.0.202011040924/tools/bin/../lib/gcc/arm-none-eabi/7.3.1/thumb/v7e-m/fpv4-sp/hard/crtn.o
 *(.fini)
 .fini          0x0000000008004f38        0x4 c:/st/stm32cubeide_1.5.1/stm32cubeide/plugins/com.st.stm32cube.ide.mcu.externaltools.gnu-tools-for-stm32.7-2018-q2-update.win32_1.5.0.202011040924/tools/bin/../lib/gcc/arm-none-eabi/7.3.1/thumb/v7e-m/fpv4-sp/hard/crti.o
                0x0000000008004f38                _fini
 .fini          0x0000000008004f3c        0x8 c:/st/stm32cubeide_1.5.1/stm32cubeide/plugins/com.st.stm32cube.ide.mcu.externaltools.gnu-tools-for-stm32.7-2018-q2-update.win32_1.5.0.202011040924/tools/bin/../lib/gcc/arm-none-eabi/7.3.1/thumb/v7e-m/fpv4-sp/hard/crtn.o
                0x0000000008004f44                . = ALIGN (0x4)
                0x0000000008004f44                _etext = .

.vfp11_veneer   0x0000000008004f44        0x0
 .vfp11_veneer  0x0000000008004f44        0x0 linker stubs

.v4_bx          0x0000000008004f44        0x0
 .v4_bx         0x0000000008004f44        0x0 linker stubs

.iplt           0x0000000008004f44        0x0
 .iplt          0x0000000008004f44        0x0 c:/st/stm32cubeide_1.5.1/stm32cubeide/plugins/com.st.stm32cube.ide.mcu.externaltools.gnu-tools-for-stm32.7-2018-q2-update.win32_1.5.0.202011040924/tools/bin/../lib/gcc/arm-none-eabi/7.3.1/thumb/v7e-m/fpv4-sp/hard/crtbegin.o

.rodata         0x0000000008004f44       0x38
                0x0000000008004f44                . = ALIGN (0x4)
 *(.rodata)
 .rodata        0x0000000008004f44        0x5 Core/Src/main.o
 *fill*         0x0000000008004f49        0x3 
 .rodata        0x0000000008004f4c        0x5 FreeRTOS/tasks.o
 *fill*         0x0000000008004f51        0x3 
 .rodata        0x0000000008004f54        0xd FreeRTOS/timers.o
 *(.rodata*)
 *fill*         0x0000000008004f61        0x3 
 .rodata.AHBPrescTable
                0x0000000008004f64       0x10 Core/Src/system_stm32f4xx.o
                0x0000000008004f64                AHBPrescTable
 .rodata.APBPrescTable
                0x0000000008004f74        0x8 Core/Src/system_stm32f4xx.o
                0x0000000008004f74                APBPrescTable
                0x0000000008004f7c                . = ALIGN (0x4)

.ARM.extab      0x0000000008004f7c        0x0
                0x0000000008004f7c                . = ALIGN (0x4)
 *(.ARM.extab* .gnu.linkonce.armextab.*)
                0x0000000008004f7c                . = ALIGN (0x4)

.ARM            0x0000000008004f7c        0x8
                0x0000000008004f7c                . = ALIGN (0x4)
                0x0000000008004f7c                __exidx_start = .
 *(.ARM.exidx*)
 .ARM.exidx     0x0000000008004f7c        0x8 c:/st/stm32cubeide_1.5.1/stm32cubeide/plugins/com.st.stm32cube.ide.mcu.externaltools.gnu-tools-for-stm32.7-2018-q2-update.win32_1.5.0.202011040924/tools/bin/../lib/gcc/arm-none-eabi/7.3.1/thumb/v7e-m/fpv4-sp/hard\libgcc.a(_udivmoddi4.o)
                0x0000000008004f84                __exidx_end = .
                0x0000000008004f84                . = ALIGN (0x4)

.rel.dyn        0x0000000008004f84        0x0
 .rel.iplt      0x0000000008004f84        0x0 c:/st/stm32cubeide_1.5.1/stm32cubeide/plugins/com.st.stm32cube.ide.mcu.externaltools.gnu-tools-for-stm32.7-2018-q2-update.win32_1.5.0.202011040924/tools/bin/../lib/gcc/arm-none-eabi/7.3.1/thumb/v7e-m/fpv4-sp/hard/crtbegin.o

.preinit_array  0x0000000008004f84        0x0
                0x0000000008004f84                . = ALIGN (0x4)
                0x0000000008004f84                PROVIDE (__preinit_array_start = .)
 *(.preinit_array*)
                0x0000000008004f84                PROVIDE (__preinit_array_end = .)
                0x0000000008004f84                . = ALIGN (0x4)

.init_array     0x0000000008004f84        0x4
                0x0000000008004f84                . = ALIGN (0x4)
                0x0000000008004f84                PROVIDE (__init_array_start = .)
 *(SORT_BY_NAME(.init_array.*))
 *(.init_array*)
 .init_array    0x0000000008004f84        0x4 c:/st/stm32cubeide_1.5.1/stm32cubeide/plugins/com.st.stm32cube.ide.mcu.externaltools.gnu-tools-for-stm32.7-2018-q2-update.win32_1.5.0.202011040924/tools/bin/../lib/gcc/arm-none-eabi/7.3.1/thumb/v7e-m/fpv4-sp/hard/crtbegin.o
                0x0000000008004f88                PROVIDE (__init_array_end = .)
                0x0000000008004f88                . = ALIGN (0x4)

.fini_array     0x0000000008004f88        0x4
                0x0000000008004f88                . = ALIGN (0x4)
                [!provide]                        PROVIDE (__fini_array_start = .)
 *(SORT_BY_NAME(.fini_array.*))
 *(.fini_array*)
 .fini_array    0x0000000008004f88        0x4 c:/st/stm32cubeide_1.5.1/stm32cubeide/plugins/com.st.stm32cube.ide.mcu.externaltools.gnu-tools-for-stm32.7-2018-q2-update.win32_1.5.0.202011040924/tools/bin/../lib/gcc/arm-none-eabi/7.3.1/thumb/v7e-m/fpv4-sp/hard/crtbegin.o
                [!provide]                        PROVIDE (__fini_array_end = .)
                0x0000000008004f8c                . = ALIGN (0x4)
                0x0000000008004f8c                _sidata = LOADADDR (.data)

.data           0x0000000020000000       0x10 load address 0x0000000008004f8c
                0x0000000020000000                . = ALIGN (0x4)
                0x0000000020000000                _sdata = .
 *(.data)
 *(.data*)
 .data.SystemCoreClock
                0x0000000020000000        0x4 Core/Src/system_stm32f4xx.o
                0x0000000020000000                SystemCoreClock
 .data.uwTickPrio
                0x0000000020000004        0x4 Drivers/STM32F4xx_HAL_Driver/Src/stm32f4xx_hal.o
                0x0000000020000004                uwTickPrio
 .data.uwTickFreq
                0x0000000020000008        0x1 Drivers/STM32F4xx_HAL_Driver/Src/stm32f4xx_hal.o
                0x0000000020000008                uwTickFreq
 *fill*         0x0000000020000009        0x3 
 .data.uxCriticalNesting
                0x000000002000000c        0x4 FreeRTOS/portable/ARM_CM4F/port.o
 *(.RamFunc)
 *(.RamFunc*)
                0x0000000020000010                . = ALIGN (0x4)
                0x0000000020000010                _edata = .

.igot.plt       0x0000000020000010        0x0 load address 0x0000000008004f9c
 .igot.plt      0x0000000020000010        0x0 c:/st/stm32cubeide_1.5.1/stm32cubeide/plugins/com.st.stm32cube.ide.mcu.externaltools.gnu-tools-for-stm32.7-2018-q2-update.win32_1.5.0.202011040924/tools/bin/../lib/gcc/arm-none-eabi/7.3.1/thumb/v7e-m/fpv4-sp/hard/crtbegin.o
                0x0000000020000010                . = ALIGN (0x4)

.bss            0x0000000020000010    0x12e5c load address 0x0000000008004f9c
                0x0000000020000010                _sbss = .
                0x0000000020000010                __bss_start__ = _sbss
 *(.bss)
 .bss           0x0000000020000010       0x1c c:/st/stm32cubeide_1.5.1/stm32cubeide/plugins/com.st.stm32cube.ide.mcu.externaltools.gnu-tools-for-stm32.7-2018-q2-update.win32_1.5.0.202011040924/tools/bin/../lib/gcc/arm-none-eabi/7.3.1/thumb/v7e-m/fpv4-sp/hard/crtbegin.o
 *(.bss*)
 .bss.pxCurrentTCB
                0x000000002000002c        0x4 FreeRTOS/tasks.o
                0x000000002000002c                pxCurrentTCB
 .bss.pxReadyTasksLists
                0x0000000020000030       0x64 FreeRTOS/tasks.o
 .bss.xDelayedTaskList1
                0x0000000020000094       0x14 FreeRTOS/tasks.o
 .bss.xDelayedTaskList2
                0x00000000200000a8       0x14 FreeRTOS/tasks.o
 .bss.pxDelayedTaskList
                0x00000000200000bc        0x4 FreeRTOS/tasks.o
 .bss.pxOverflowDelayedTaskList
                0x00000000200000c0        0x4 FreeRTOS/tasks.o
 .bss.xPendingReadyList
                0x00000000200000c4       0x14 FreeRTOS/tasks.o
 .bss.xTasksWaitingTermination
                0x00000000200000d8       0x14 FreeRTOS/tasks.o
 .bss.uxDeletedTasksWaitingCleanUp
                0x00000000200000ec        0x4 FreeRTOS/tasks.o
 .bss.xSuspendedTaskList
                0x00000000200000f0       0x14 FreeRTOS/tasks.o
 .bss.uxCurrentNumberOfTasks
                0x0000000020000104        0x4 FreeRTOS/tasks.o
 .bss.xTickCount
                0x0000000020000108        0x4 FreeRTOS/tasks.o
 .bss.uxTopReadyPriority
                0x000000002000010c        0x4 FreeRTOS/tasks.o
 .bss.xSchedulerRunning
                0x0000000020000110        0x4 FreeRTOS/tasks.o
 .bss.uxPendedTicks
                0x0000000020000114        0x4 FreeRTOS/tasks.o
 .bss.xYieldPending
                0x0000000020000118        0x4 FreeRTOS/tasks.o
 .bss.xNumOfOverflows
                0x000000002000011c        0x4 FreeRTOS/tasks.o
 .bss.uxTaskNumber
                0x0000000020000120        0x4 FreeRTOS/tasks.o
 .bss.xNextTaskUnblockTime
                0x0000000020000124        0x4 FreeRTOS/tasks.o
 .bss.xIdleTaskHandle
                0x0000000020000128        0x4 FreeRTOS/tasks.o
 .bss.uxSchedulerSuspended
                0x000000002000012c        0x4 FreeRTOS/tasks.o
 .bss.xActiveTimerList1
                0x0000000020000130       0x14 FreeRTOS/timers.o
 .bss.xActiveTimerList2
                0x0000000020000144       0x14 FreeRTOS/timers.o
 .bss.pxCurrentTimerList
                0x0000000020000158        0x4 FreeRTOS/timers.o
 .bss.pxOverflowTimerList
                0x000000002000015c        0x4 FreeRTOS/timers.o
 .bss.xTimerQueue
                0x0000000020000160        0x4 FreeRTOS/timers.o
 .bss.xTimerTaskHandle
                0x0000000020000164        0x4 FreeRTOS/timers.o
 .bss.xLastTime.6701
                0x0000000020000168        0x4 FreeRTOS/timers.o
 .bss.ucMaxSysCallPriority
                0x000000002000016c        0x1 FreeRTOS/portable/ARM_CM4F/port.o
 *fill*         0x000000002000016d        0x3 
 .bss.ulMaxPRIGROUPValue
                0x0000000020000170        0x4 FreeRTOS/portable/ARM_CM4F/port.o
 .bss.ucHeap    0x0000000020000174    0x12c00 FreeRTOS/portable/MemMang/heap_4.o
 .bss.xStart    0x0000000020012d74        0x8 FreeRTOS/portable/MemMang/heap_4.o
 .bss.pxEnd     0x0000000020012d7c        0x4 FreeRTOS/portable/MemMang/heap_4.o
 .bss.xFreeBytesRemaining
                0x0000000020012d80        0x4 FreeRTOS/portable/MemMang/heap_4.o
 .bss.xMinimumEverFreeBytesRemaining
                0x0000000020012d84        0x4 FreeRTOS/portable/MemMang/heap_4.o
 .bss.xBlockAllocatedBit
                0x0000000020012d88        0x4 FreeRTOS/portable/MemMang/heap_4.o
 *(COMMON)
 COMMON         0x0000000020012d8c       0x5c Core/Src/main.o
                0x0000000020012d8c                xSemaphore
                0x0000000020012d90                hspi1
 COMMON         0x0000000020012de8       0x40 Core/Src/stm32f4xx_hal_timebase_tim.o
                0x0000000020012de8                htim6
 COMMON         0x0000000020012e28        0x4 Drivers/STM32F4xx_HAL_Driver/Src/stm32f4xx_hal.o
                0x0000000020012e28                uwTick
 COMMON         0x0000000020012e2c       0x40 FreeRTOS/queue.o
                0x0000000020012e2c                xQueueRegistry
                0x0000000020012e6c                . = ALIGN (0x4)
                0x0000000020012e6c                _ebss = .
                0x0000000020012e6c                __bss_end__ = _ebss

._user_heap_stack
                0x0000000020012e6c      0x604 load address 0x0000000008004f9c
                0x0000000020012e70                . = ALIGN (0x8)
 *fill*         0x0000000020012e6c        0x4 
                [!provide]                        PROVIDE (end = .)
                0x0000000020012e70                PROVIDE (_end = .)
                0x0000000020013070                . = (. + _Min_Heap_Size)
 *fill*         0x0000000020012e70      0x200 
                0x0000000020013470                . = (. + _Min_Stack_Size)
 *fill*         0x0000000020013070      0x400 
                0x0000000020013470                . = ALIGN (0x8)

/DISCARD/
 libc.a(*)
 libm.a(*)
 libgcc.a(*)

.ARM.attributes
                0x0000000000000000       0x30
 *(.ARM.attributes)
 .ARM.attributes
                0x0000000000000000       0x22 c:/st/stm32cubeide_1.5.1/stm32cubeide/plugins/com.st.stm32cube.ide.mcu.externaltools.gnu-tools-for-stm32.7-2018-q2-update.win32_1.5.0.202011040924/tools/bin/../lib/gcc/arm-none-eabi/7.3.1/thumb/v7e-m/fpv4-sp/hard/crti.o
 .ARM.attributes
                0x0000000000000022       0x34 c:/st/stm32cubeide_1.5.1/stm32cubeide/plugins/com.st.stm32cube.ide.mcu.externaltools.gnu-tools-for-stm32.7-2018-q2-update.win32_1.5.0.202011040924/tools/bin/../lib/gcc/arm-none-eabi/7.3.1/thumb/v7e-m/fpv4-sp/hard/crtbegin.o
 .ARM.attributes
                0x0000000000000056       0x39 Core/Src/main.o
 .ARM.attributes
                0x000000000000008f       0x39 Core/Src/stm32f4xx_hal_msp.o
 .ARM.attributes
                0x00000000000000c8       0x39 Core/Src/stm32f4xx_hal_timebase_tim.o
 .ARM.attributes
                0x0000000000000101       0x39 Core/Src/stm32f4xx_it.o
 .ARM.attributes
                0x000000000000013a       0x39 Core/Src/system_stm32f4xx.o
 .ARM.attributes
                0x0000000000000173       0x21 Core/Startup/startup_stm32f407vgtx.o
 .ARM.attributes
                0x0000000000000194       0x39 Drivers/STM32F4xx_HAL_Driver/Src/stm32f4xx_hal.o
 .ARM.attributes
                0x00000000000001cd       0x39 Drivers/STM32F4xx_HAL_Driver/Src/stm32f4xx_hal_cortex.o
 .ARM.attributes
                0x0000000000000206       0x39 Drivers/STM32F4xx_HAL_Driver/Src/stm32f4xx_hal_gpio.o
 .ARM.attributes
                0x000000000000023f       0x39 Drivers/STM32F4xx_HAL_Driver/Src/stm32f4xx_hal_rcc.o
 .ARM.attributes
                0x0000000000000278       0x39 Drivers/STM32F4xx_HAL_Driver/Src/stm32f4xx_hal_spi.o
 .ARM.attributes
                0x00000000000002b1       0x39 Drivers/STM32F4xx_HAL_Driver/Src/stm32f4xx_hal_tim.o
 .ARM.attributes
                0x00000000000002ea       0x39 Drivers/STM32F4xx_HAL_Driver/Src/stm32f4xx_hal_tim_ex.o
 .ARM.attributes
                0x0000000000000323       0x39 FreeRTOS/list.o
 .ARM.attributes
                0x000000000000035c       0x39 FreeRTOS/queue.o
 .ARM.attributes
                0x0000000000000395       0x39 FreeRTOS/tasks.o
 .ARM.attributes
                0x00000000000003ce       0x39 FreeRTOS/timers.o
 .ARM.attributes
                0x0000000000000407       0x39 FreeRTOS/portable/ARM_CM4F/port.o
 .ARM.attributes
                0x0000000000000440       0x39 FreeRTOS/portable/MemMang/heap_4.o
 .ARM.attributes
                0x0000000000000479       0x34 c:/st/stm32cubeide_1.5.1/stm32cubeide/plugins/com.st.stm32cube.ide.mcu.externaltools.gnu-tools-for-stm32.7-2018-q2-update.win32_1.5.0.202011040924/tools/bin/../lib/gcc/arm-none-eabi/7.3.1/../../../../arm-none-eabi/lib/thumb/v7e-m/fpv4-sp/hard\libc_nano.a(lib_a-init.o)
 .ARM.attributes
                0x00000000000004ad       0x34 c:/st/stm32cubeide_1.5.1/stm32cubeide/plugins/com.st.stm32cube.ide.mcu.externaltools.gnu-tools-for-stm32.7-2018-q2-update.win32_1.5.0.202011040924/tools/bin/../lib/gcc/arm-none-eabi/7.3.1/../../../../arm-none-eabi/lib/thumb/v7e-m/fpv4-sp/hard\libc_nano.a(lib_a-memcpy-stub.o)
 .ARM.attributes
                0x00000000000004e1       0x34 c:/st/stm32cubeide_1.5.1/stm32cubeide/plugins/com.st.stm32cube.ide.mcu.externaltools.gnu-tools-for-stm32.7-2018-q2-update.win32_1.5.0.202011040924/tools/bin/../lib/gcc/arm-none-eabi/7.3.1/../../../../arm-none-eabi/lib/thumb/v7e-m/fpv4-sp/hard\libc_nano.a(lib_a-memset.o)
 .ARM.attributes
                0x0000000000000515       0x22 c:/st/stm32cubeide_1.5.1/stm32cubeide/plugins/com.st.stm32cube.ide.mcu.externaltools.gnu-tools-for-stm32.7-2018-q2-update.win32_1.5.0.202011040924/tools/bin/../lib/gcc/arm-none-eabi/7.3.1/thumb/v7e-m/fpv4-sp/hard\libgcc.a(_aeabi_uldivmod.o)
 .ARM.attributes
                0x0000000000000537       0x34 c:/st/stm32cubeide_1.5.1/stm32cubeide/plugins/com.st.stm32cube.ide.mcu.externaltools.gnu-tools-for-stm32.7-2018-q2-update.win32_1.5.0.202011040924/tools/bin/../lib/gcc/arm-none-eabi/7.3.1/thumb/v7e-m/fpv4-sp/hard\libgcc.a(_udivmoddi4.o)
 .ARM.attributes
                0x000000000000056b       0x22 c:/st/stm32cubeide_1.5.1/stm32cubeide/plugins/com.st.stm32cube.ide.mcu.externaltools.gnu-tools-for-stm32.7-2018-q2-update.win32_1.5.0.202011040924/tools/bin/../lib/gcc/arm-none-eabi/7.3.1/thumb/v7e-m/fpv4-sp/hard\libgcc.a(_dvmd_tls.o)
 .ARM.attributes
                0x000000000000058d       0x22 c:/st/stm32cubeide_1.5.1/stm32cubeide/plugins/com.st.stm32cube.ide.mcu.externaltools.gnu-tools-for-stm32.7-2018-q2-update.win32_1.5.0.202011040924/tools/bin/../lib/gcc/arm-none-eabi/7.3.1/thumb/v7e-m/fpv4-sp/hard/crtn.o
OUTPUT(Embedded_OS_Lab2_NE6091116.elf elf32-littlearm)

.debug_info     0x0000000000000000    0x11d9a
 .debug_info    0x0000000000000000     0x119a Core/Src/main.o
 .debug_info    0x000000000000119a      0x9ae Core/Src/stm32f4xx_hal_msp.o
 .debug_info    0x0000000000001b48      0xb2d Core/Src/stm32f4xx_hal_timebase_tim.o
 .debug_info    0x0000000000002675      0x6df Core/Src/stm32f4xx_it.o
 .debug_info    0x0000000000002d54      0x554 Core/Src/system_stm32f4xx.o
 .debug_info    0x00000000000032a8       0x22 Core/Startup/startup_stm32f407vgtx.o
 .debug_info    0x00000000000032ca      0x945 Drivers/STM32F4xx_HAL_Driver/Src/stm32f4xx_hal.o
 .debug_info    0x0000000000003c0f      0xe28 Drivers/STM32F4xx_HAL_Driver/Src/stm32f4xx_hal_cortex.o
 .debug_info    0x0000000000004a37      0x7b5 Drivers/STM32F4xx_HAL_Driver/Src/stm32f4xx_hal_gpio.o
 .debug_info    0x00000000000051ec      0x904 Drivers/STM32F4xx_HAL_Driver/Src/stm32f4xx_hal_rcc.o
 .debug_info    0x0000000000005af0     0x163a Drivers/STM32F4xx_HAL_Driver/Src/stm32f4xx_hal_spi.o
 .debug_info    0x000000000000712a     0x24a9 Drivers/STM32F4xx_HAL_Driver/Src/stm32f4xx_hal_tim.o
 .debug_info    0x00000000000095d3     0x1157 Drivers/STM32F4xx_HAL_Driver/Src/stm32f4xx_hal_tim_ex.o
 .debug_info    0x000000000000a72a      0xacb FreeRTOS/list.o
 .debug_info    0x000000000000b1f5     0x1f26 FreeRTOS/queue.o
 .debug_info    0x000000000000d11b     0x2702 FreeRTOS/tasks.o
 .debug_info    0x000000000000f81d     0x145e FreeRTOS/timers.o
 .debug_info    0x0000000000010c7b      0x533 FreeRTOS/portable/ARM_CM4F/port.o
 .debug_info    0x00000000000111ae      0xbec FreeRTOS/portable/MemMang/heap_4.o

.debug_abbrev   0x0000000000000000     0x2764
 .debug_abbrev  0x0000000000000000      0x294 Core/Src/main.o
 .debug_abbrev  0x0000000000000294      0x18c Core/Src/stm32f4xx_hal_msp.o
 .debug_abbrev  0x0000000000000420      0x19d Core/Src/stm32f4xx_hal_timebase_tim.o
 .debug_abbrev  0x00000000000005bd      0x15a Core/Src/stm32f4xx_it.o
 .debug_abbrev  0x0000000000000717      0x12b Core/Src/system_stm32f4xx.o
 .debug_abbrev  0x0000000000000842       0x12 Core/Startup/startup_stm32f407vgtx.o
 .debug_abbrev  0x0000000000000854      0x1c7 Drivers/STM32F4xx_HAL_Driver/Src/stm32f4xx_hal.o
 .debug_abbrev  0x0000000000000a1b      0x2fa Drivers/STM32F4xx_HAL_Driver/Src/stm32f4xx_hal_cortex.o
 .debug_abbrev  0x0000000000000d15      0x1c9 Drivers/STM32F4xx_HAL_Driver/Src/stm32f4xx_hal_gpio.o
 .debug_abbrev  0x0000000000000ede      0x245 Drivers/STM32F4xx_HAL_Driver/Src/stm32f4xx_hal_rcc.o
 .debug_abbrev  0x0000000000001123      0x240 Drivers/STM32F4xx_HAL_Driver/Src/stm32f4xx_hal_spi.o
 .debug_abbrev  0x0000000000001363      0x230 Drivers/STM32F4xx_HAL_Driver/Src/stm32f4xx_hal_tim.o
 .debug_abbrev  0x0000000000001593      0x21e Drivers/STM32F4xx_HAL_Driver/Src/stm32f4xx_hal_tim_ex.o
 .debug_abbrev  0x00000000000017b1      0x1cf FreeRTOS/list.o
 .debug_abbrev  0x0000000000001980      0x31c FreeRTOS/queue.o
 .debug_abbrev  0x0000000000001c9c      0x352 FreeRTOS/tasks.o
 .debug_abbrev  0x0000000000001fee      0x2c8 FreeRTOS/timers.o
 .debug_abbrev  0x00000000000022b6      0x210 FreeRTOS/portable/ARM_CM4F/port.o
 .debug_abbrev  0x00000000000024c6      0x29e FreeRTOS/portable/MemMang/heap_4.o

.debug_aranges  0x0000000000000000     0x1020
 .debug_aranges
                0x0000000000000000       0x70 Core/Src/main.o
 .debug_aranges
                0x0000000000000070       0x30 Core/Src/stm32f4xx_hal_msp.o
 .debug_aranges
                0x00000000000000a0       0x30 Core/Src/stm32f4xx_hal_timebase_tim.o
 .debug_aranges
                0x00000000000000d0       0x58 Core/Src/stm32f4xx_it.o
 .debug_aranges
                0x0000000000000128       0x28 Core/Src/system_stm32f4xx.o
 .debug_aranges
                0x0000000000000150       0x28 Core/Startup/startup_stm32f407vgtx.o
 .debug_aranges
                0x0000000000000178       0xf0 Drivers/STM32F4xx_HAL_Driver/Src/stm32f4xx_hal.o
 .debug_aranges
                0x0000000000000268      0x118 Drivers/STM32F4xx_HAL_Driver/Src/stm32f4xx_hal_cortex.o
 .debug_aranges
                0x0000000000000380       0x58 Drivers/STM32F4xx_HAL_Driver/Src/stm32f4xx_hal_gpio.o
 .debug_aranges
                0x00000000000003d8       0x88 Drivers/STM32F4xx_HAL_Driver/Src/stm32f4xx_hal_rcc.o
 .debug_aranges
                0x0000000000000460      0x1d0 Drivers/STM32F4xx_HAL_Driver/Src/stm32f4xx_hal_spi.o
 .debug_aranges
                0x0000000000000630      0x3a8 Drivers/STM32F4xx_HAL_Driver/Src/stm32f4xx_hal_tim.o
 .debug_aranges
                0x00000000000009d8      0x150 Drivers/STM32F4xx_HAL_Driver/Src/stm32f4xx_hal_tim_ex.o
 .debug_aranges
                0x0000000000000b28       0x40 FreeRTOS/list.o
 .debug_aranges
                0x0000000000000b68      0x130 FreeRTOS/queue.o
 .debug_aranges
                0x0000000000000c98      0x1e8 FreeRTOS/tasks.o
 .debug_aranges
                0x0000000000000e80       0xd0 FreeRTOS/timers.o
 .debug_aranges
                0x0000000000000f50       0x80 FreeRTOS/portable/ARM_CM4F/port.o
 .debug_aranges
                0x0000000000000fd0       0x50 FreeRTOS/portable/MemMang/heap_4.o

.debug_ranges   0x0000000000000000      0xef8
 .debug_ranges  0x0000000000000000       0x60 Core/Src/main.o
 .debug_ranges  0x0000000000000060       0x20 Core/Src/stm32f4xx_hal_msp.o
 .debug_ranges  0x0000000000000080       0x20 Core/Src/stm32f4xx_hal_timebase_tim.o
 .debug_ranges  0x00000000000000a0       0x48 Core/Src/stm32f4xx_it.o
 .debug_ranges  0x00000000000000e8       0x18 Core/Src/system_stm32f4xx.o
 .debug_ranges  0x0000000000000100       0x20 Core/Startup/startup_stm32f407vgtx.o
 .debug_ranges  0x0000000000000120       0xe0 Drivers/STM32F4xx_HAL_Driver/Src/stm32f4xx_hal.o
 .debug_ranges  0x0000000000000200      0x108 Drivers/STM32F4xx_HAL_Driver/Src/stm32f4xx_hal_cortex.o
 .debug_ranges  0x0000000000000308       0x48 Drivers/STM32F4xx_HAL_Driver/Src/stm32f4xx_hal_gpio.o
 .debug_ranges  0x0000000000000350       0x78 Drivers/STM32F4xx_HAL_Driver/Src/stm32f4xx_hal_rcc.o
 .debug_ranges  0x00000000000003c8      0x1c0 Drivers/STM32F4xx_HAL_Driver/Src/stm32f4xx_hal_spi.o
 .debug_ranges  0x0000000000000588      0x398 Drivers/STM32F4xx_HAL_Driver/Src/stm32f4xx_hal_tim.o
 .debug_ranges  0x0000000000000920      0x140 Drivers/STM32F4xx_HAL_Driver/Src/stm32f4xx_hal_tim_ex.o
 .debug_ranges  0x0000000000000a60       0x30 FreeRTOS/list.o
 .debug_ranges  0x0000000000000a90      0x120 FreeRTOS/queue.o
 .debug_ranges  0x0000000000000bb0      0x1d8 FreeRTOS/tasks.o
 .debug_ranges  0x0000000000000d88       0xc0 FreeRTOS/timers.o
 .debug_ranges  0x0000000000000e48       0x70 FreeRTOS/portable/ARM_CM4F/port.o
 .debug_ranges  0x0000000000000eb8       0x40 FreeRTOS/portable/MemMang/heap_4.o

.debug_macro    0x0000000000000000    0x21741
 .debug_macro   0x0000000000000000      0x2e5 Core/Src/main.o
 .debug_macro   0x00000000000002e5      0xa5a Core/Src/main.o
 .debug_macro   0x0000000000000d3f      0x294 Core/Src/main.o
 .debug_macro   0x0000000000000fd3       0x2e Core/Src/main.o
 .debug_macro   0x0000000000001001       0x2f Core/Src/main.o
 .debug_macro   0x0000000000001030       0x22 Core/Src/main.o
 .debug_macro   0x0000000000001052       0x8e Core/Src/main.o
 .debug_macro   0x00000000000010e0       0x51 Core/Src/main.o
 .debug_macro   0x0000000000001131       0xef Core/Src/main.o
 .debug_macro   0x0000000000001220       0x6a Core/Src/main.o
 .debug_macro   0x000000000000128a      0x1df Core/Src/main.o
 .debug_macro   0x0000000000001469       0x1c Core/Src/main.o
 .debug_macro   0x0000000000001485       0x22 Core/Src/main.o
 .debug_macro   0x00000000000014a7       0xdf Core/Src/main.o
 .debug_macro   0x0000000000001586     0x102d Core/Src/main.o
 .debug_macro   0x00000000000025b3      0x11f Core/Src/main.o
 .debug_macro   0x00000000000026d2    0x15e3c Core/Src/main.o
 .debug_macro   0x000000000001850e       0x43 Core/Src/main.o
 .debug_macro   0x0000000000018551     0x3659 Core/Src/main.o
 .debug_macro   0x000000000001bbaa      0x174 Core/Src/main.o
 .debug_macro   0x000000000001bd1e       0x5a Core/Src/main.o
 .debug_macro   0x000000000001bd78      0x96b Core/Src/main.o
 .debug_macro   0x000000000001c6e3      0x9fe Core/Src/main.o
 .debug_macro   0x000000000001d0e1      0x117 Core/Src/main.o
 .debug_macro   0x000000000001d1f8      0x13e Core/Src/main.o
 .debug_macro   0x000000000001d336       0x27 Core/Src/main.o
 .debug_macro   0x000000000001d35d      0x174 Core/Src/main.o
 .debug_macro   0x000000000001d4d1      0x287 Core/Src/main.o
 .debug_macro   0x000000000001d758       0x5f Core/Src/main.o
 .debug_macro   0x000000000001d7b7      0x236 Core/Src/main.o
 .debug_macro   0x000000000001d9ed      0x12c Core/Src/main.o
 .debug_macro   0x000000000001db19      0x21e Core/Src/main.o
 .debug_macro   0x000000000001dd37       0x2e Core/Src/main.o
 .debug_macro   0x000000000001dd65      0x11a Core/Src/main.o
 .debug_macro   0x000000000001de7f       0x7e Core/Src/main.o
 .debug_macro   0x000000000001defd       0x89 Core/Src/main.o
 .debug_macro   0x000000000001df86      0x225 Core/Src/main.o
 .debug_macro   0x000000000001e1ab      0x8a0 Core/Src/main.o
 .debug_macro   0x000000000001ea4b       0x47 Core/Src/main.o
 .debug_macro   0x000000000001ea92      0x12d Core/Src/main.o
 .debug_macro   0x000000000001ebbf       0x28 Core/Src/main.o
 .debug_macro   0x000000000001ebe7      0x106 Core/Src/main.o
 .debug_macro   0x000000000001eced      0x15a Core/Src/main.o
 .debug_macro   0x000000000001ee47       0xe4 Core/Src/main.o
 .debug_macro   0x000000000001ef2b       0x1c Core/Src/main.o
 .debug_macro   0x000000000001ef47       0x26 Core/Src/main.o
 .debug_macro   0x000000000001ef6d      0x4d3 Core/Src/main.o
 .debug_macro   0x000000000001f440       0xb5 Core/Src/main.o
 .debug_macro   0x000000000001f4f5       0xaa Core/Src/main.o
 .debug_macro   0x000000000001f59f       0x80 Core/Src/main.o
 .debug_macro   0x000000000001f61f       0x7e Core/Src/main.o
 .debug_macro   0x000000000001f69d      0x1dd Core/Src/stm32f4xx_hal_msp.o
 .debug_macro   0x000000000001f87a      0x1ce Core/Src/stm32f4xx_hal_timebase_tim.o
 .debug_macro   0x000000000001fa48      0x1e7 Core/Src/stm32f4xx_it.o
 .debug_macro   0x000000000001fc2f      0x1d4 Core/Src/system_stm32f4xx.o
 .debug_macro   0x000000000001fe03      0x22e Drivers/STM32F4xx_HAL_Driver/Src/stm32f4xx_hal.o
 .debug_macro   0x0000000000020031      0x1ce Drivers/STM32F4xx_HAL_Driver/Src/stm32f4xx_hal_cortex.o
 .debug_macro   0x00000000000201ff      0x204 Drivers/STM32F4xx_HAL_Driver/Src/stm32f4xx_hal_gpio.o
 .debug_macro   0x0000000000020403      0x1f2 Drivers/STM32F4xx_HAL_Driver/Src/stm32f4xx_hal_rcc.o
 .debug_macro   0x00000000000205f5      0x1dd Drivers/STM32F4xx_HAL_Driver/Src/stm32f4xx_hal_spi.o
 .debug_macro   0x00000000000207d2      0x1cf Drivers/STM32F4xx_HAL_Driver/Src/stm32f4xx_hal_tim.o
 .debug_macro   0x00000000000209a1      0x1ce Drivers/STM32F4xx_HAL_Driver/Src/stm32f4xx_hal_tim_ex.o
 .debug_macro   0x0000000000020b6f      0x17a FreeRTOS/list.o
 .debug_macro   0x0000000000020ce9      0x209 FreeRTOS/queue.o
 .debug_macro   0x0000000000020ef2       0x16 FreeRTOS/queue.o
 .debug_macro   0x0000000000020f08       0x20 FreeRTOS/queue.o
 .debug_macro   0x0000000000020f28      0x26c FreeRTOS/tasks.o
 .debug_macro   0x0000000000021194       0x10 FreeRTOS/tasks.o
 .debug_macro   0x00000000000211a4      0x1cf FreeRTOS/timers.o
 .debug_macro   0x0000000000021373       0x97 FreeRTOS/timers.o
 .debug_macro   0x000000000002140a      0x196 FreeRTOS/portable/ARM_CM4F/port.o
 .debug_macro   0x00000000000215a0      0x1a1 FreeRTOS/portable/MemMang/heap_4.o

.debug_line     0x0000000000000000     0xc282
 .debug_line    0x0000000000000000      0x95e Core/Src/main.o
 .debug_line    0x000000000000095e      0x6ef Core/Src/stm32f4xx_hal_msp.o
 .debug_line    0x000000000000104d      0x6f4 Core/Src/stm32f4xx_hal_timebase_tim.o
 .debug_line    0x0000000000001741      0x758 Core/Src/stm32f4xx_it.o
 .debug_line    0x0000000000001e99      0x6db Core/Src/system_stm32f4xx.o
 .debug_line    0x0000000000002574       0x85 Core/Startup/startup_stm32f407vgtx.o
 .debug_line    0x00000000000025f9      0x8c5 Drivers/STM32F4xx_HAL_Driver/Src/stm32f4xx_hal.o
 .debug_line    0x0000000000002ebe      0x9e9 Drivers/STM32F4xx_HAL_Driver/Src/stm32f4xx_hal_cortex.o
 .debug_line    0x00000000000038a7      0x8a4 Drivers/STM32F4xx_HAL_Driver/Src/stm32f4xx_hal_gpio.o
 .debug_line    0x000000000000414b      0x91d Drivers/STM32F4xx_HAL_Driver/Src/stm32f4xx_hal_rcc.o
 .debug_line    0x0000000000004a68     0x1081 Drivers/STM32F4xx_HAL_Driver/Src/stm32f4xx_hal_spi.o
 .debug_line    0x0000000000005ae9     0x193e Drivers/STM32F4xx_HAL_Driver/Src/stm32f4xx_hal_tim.o
 .debug_line    0x0000000000007427      0xcdb Drivers/STM32F4xx_HAL_Driver/Src/stm32f4xx_hal_tim_ex.o
 .debug_line    0x0000000000008102      0x687 FreeRTOS/list.o
 .debug_line    0x0000000000008789      0xfd5 FreeRTOS/queue.o
 .debug_line    0x000000000000975e     0x12c4 FreeRTOS/tasks.o
 .debug_line    0x000000000000aa22      0x9f8 FreeRTOS/timers.o
 .debug_line    0x000000000000b41a      0x6fb FreeRTOS/portable/ARM_CM4F/port.o
 .debug_line    0x000000000000bb15      0x76d FreeRTOS/portable/MemMang/heap_4.o

.debug_str      0x0000000000000000    0xd008a
 .debug_str     0x0000000000000000    0xc74f2 Core/Src/main.o
                                      0xc789a (size before relaxing)
 .debug_str     0x00000000000c74f2       0x53 Core/Src/stm32f4xx_hal_msp.o
                                      0xc212b (size before relaxing)
 .debug_str     0x00000000000c7545       0xaa Core/Src/stm32f4xx_hal_timebase_tim.o
                                      0xc25c3 (size before relaxing)
 .debug_str     0x00000000000c75ef       0xb7 Core/Src/stm32f4xx_it.o
                                      0xc2021 (size before relaxing)
 .debug_str     0x00000000000c76a6       0xc4 Core/Src/system_stm32f4xx.o
                                      0xc1c4d (size before relaxing)
 .debug_str     0x00000000000c776a       0x36 Core/Startup/startup_stm32f407vgtx.o
                                         0x83 (size before relaxing)
 .debug_str     0x00000000000c77a0      0x542 Drivers/STM32F4xx_HAL_Driver/Src/stm32f4xx_hal.o
                                      0xc271a (size before relaxing)
 .debug_str     0x00000000000c7ce2      0x392 Drivers/STM32F4xx_HAL_Driver/Src/stm32f4xx_hal_cortex.o
                                      0xc2509 (size before relaxing)
 .debug_str     0x00000000000c8074      0x1f5 Drivers/STM32F4xx_HAL_Driver/Src/stm32f4xx_hal_gpio.o
                                      0xc1e8c (size before relaxing)
 .debug_str     0x00000000000c8269      0x24f Drivers/STM32F4xx_HAL_Driver/Src/stm32f4xx_hal_rcc.o
                                      0xc203a (size before relaxing)
 .debug_str     0x00000000000c84b8      0x560 Drivers/STM32F4xx_HAL_Driver/Src/stm32f4xx_hal_spi.o
                                      0xc24bb (size before relaxing)
 .debug_str     0x00000000000c8a18      0xd69 Drivers/STM32F4xx_HAL_Driver/Src/stm32f4xx_hal_tim.o
                                      0xc2d59 (size before relaxing)
 .debug_str     0x00000000000c9781      0x4ec Drivers/STM32F4xx_HAL_Driver/Src/stm32f4xx_hal_tim_ex.o
                                      0xc2559 (size before relaxing)
 .debug_str     0x00000000000c9c6d     0x30c8 FreeRTOS/list.o
                                       0xa7fb (size before relaxing)
 .debug_str     0x00000000000ccd35      0x946 FreeRTOS/queue.o
                                       0xbefd (size before relaxing)
 .debug_str     0x00000000000cd67b     0x1b00 FreeRTOS/tasks.o
                                       0xcb98 (size before relaxing)
 .debug_str     0x00000000000cf17b      0x4fd FreeRTOS/timers.o
                                       0xc2fe (size before relaxing)
 .debug_str     0x00000000000cf678      0x7e0 FreeRTOS/portable/ARM_CM4F/port.o
                                       0x85c0 (size before relaxing)
 .debug_str     0x00000000000cfe58      0x232 FreeRTOS/portable/MemMang/heap_4.o
                                       0xafee (size before relaxing)

.comment        0x0000000000000000       0x7b
 .comment       0x0000000000000000       0x7b Core/Src/main.o
                                         0x7c (size before relaxing)
 .comment       0x000000000000007b       0x7c Core/Src/stm32f4xx_hal_msp.o
 .comment       0x000000000000007b       0x7c Core/Src/stm32f4xx_hal_timebase_tim.o
 .comment       0x000000000000007b       0x7c Core/Src/stm32f4xx_it.o
 .comment       0x000000000000007b       0x7c Core/Src/system_stm32f4xx.o
 .comment       0x000000000000007b       0x7c Drivers/STM32F4xx_HAL_Driver/Src/stm32f4xx_hal.o
 .comment       0x000000000000007b       0x7c Drivers/STM32F4xx_HAL_Driver/Src/stm32f4xx_hal_cortex.o
 .comment       0x000000000000007b       0x7c Drivers/STM32F4xx_HAL_Driver/Src/stm32f4xx_hal_gpio.o
 .comment       0x000000000000007b       0x7c Drivers/STM32F4xx_HAL_Driver/Src/stm32f4xx_hal_rcc.o
 .comment       0x000000000000007b       0x7c Drivers/STM32F4xx_HAL_Driver/Src/stm32f4xx_hal_spi.o
 .comment       0x000000000000007b       0x7c Drivers/STM32F4xx_HAL_Driver/Src/stm32f4xx_hal_tim.o
 .comment       0x000000000000007b       0x7c Drivers/STM32F4xx_HAL_Driver/Src/stm32f4xx_hal_tim_ex.o
 .comment       0x000000000000007b       0x7c FreeRTOS/list.o
 .comment       0x000000000000007b       0x7c FreeRTOS/queue.o
 .comment       0x000000000000007b       0x7c FreeRTOS/tasks.o
 .comment       0x000000000000007b       0x7c FreeRTOS/timers.o
 .comment       0x000000000000007b       0x7c FreeRTOS/portable/ARM_CM4F/port.o
 .comment       0x000000000000007b       0x7c FreeRTOS/portable/MemMang/heap_4.o

.debug_frame    0x0000000000000000     0x4304
 .debug_frame   0x0000000000000000      0x174 Core/Src/main.o
 .debug_frame   0x0000000000000174       0x80 Core/Src/stm32f4xx_hal_msp.o
 .debug_frame   0x00000000000001f4       0x74 Core/Src/stm32f4xx_hal_timebase_tim.o
 .debug_frame   0x0000000000000268       0xe0 Core/Src/stm32f4xx_it.o
 .debug_frame   0x0000000000000348       0x58 Core/Src/system_stm32f4xx.o
 .debug_frame   0x00000000000003a0      0x374 Drivers/STM32F4xx_HAL_Driver/Src/stm32f4xx_hal.o
 .debug_frame   0x0000000000000714      0x498 Drivers/STM32F4xx_HAL_Driver/Src/stm32f4xx_hal_cortex.o
 .debug_frame   0x0000000000000bac      0x14c Drivers/STM32F4xx_HAL_Driver/Src/stm32f4xx_hal_gpio.o
 .debug_frame   0x0000000000000cf8      0x1f0 Drivers/STM32F4xx_HAL_Driver/Src/stm32f4xx_hal_rcc.o
 .debug_frame   0x0000000000000ee8      0x824 Drivers/STM32F4xx_HAL_Driver/Src/stm32f4xx_hal_spi.o
 .debug_frame   0x000000000000170c     0x10f0 Drivers/STM32F4xx_HAL_Driver/Src/stm32f4xx_hal_tim.o
 .debug_frame   0x00000000000027fc      0x5c0 Drivers/STM32F4xx_HAL_Driver/Src/stm32f4xx_hal_tim_ex.o
 .debug_frame   0x0000000000002dbc       0xd8 FreeRTOS/list.o
 .debug_frame   0x0000000000002e94      0x530 FreeRTOS/queue.o
 .debug_frame   0x00000000000033c4      0x854 FreeRTOS/tasks.o
 .debug_frame   0x0000000000003c18      0x368 FreeRTOS/timers.o
 .debug_frame   0x0000000000003f80      0x1a8 FreeRTOS/portable/ARM_CM4F/port.o
 .debug_frame   0x0000000000004128      0x108 FreeRTOS/portable/MemMang/heap_4.o
 .debug_frame   0x0000000000004230       0x2c c:/st/stm32cubeide_1.5.1/stm32cubeide/plugins/com.st.stm32cube.ide.mcu.externaltools.gnu-tools-for-stm32.7-2018-q2-update.win32_1.5.0.202011040924/tools/bin/../lib/gcc/arm-none-eabi/7.3.1/../../../../arm-none-eabi/lib/thumb/v7e-m/fpv4-sp/hard\libc_nano.a(lib_a-init.o)
 .debug_frame   0x000000000000425c       0x28 c:/st/stm32cubeide_1.5.1/stm32cubeide/plugins/com.st.stm32cube.ide.mcu.externaltools.gnu-tools-for-stm32.7-2018-q2-update.win32_1.5.0.202011040924/tools/bin/../lib/gcc/arm-none-eabi/7.3.1/../../../../arm-none-eabi/lib/thumb/v7e-m/fpv4-sp/hard\libc_nano.a(lib_a-memcpy-stub.o)
 .debug_frame   0x0000000000004284       0x20 c:/st/stm32cubeide_1.5.1/stm32cubeide/plugins/com.st.stm32cube.ide.mcu.externaltools.gnu-tools-for-stm32.7-2018-q2-update.win32_1.5.0.202011040924/tools/bin/../lib/gcc/arm-none-eabi/7.3.1/../../../../arm-none-eabi/lib/thumb/v7e-m/fpv4-sp/hard\libc_nano.a(lib_a-memset.o)
 .debug_frame   0x00000000000042a4       0x2c c:/st/stm32cubeide_1.5.1/stm32cubeide/plugins/com.st.stm32cube.ide.mcu.externaltools.gnu-tools-for-stm32.7-2018-q2-update.win32_1.5.0.202011040924/tools/bin/../lib/gcc/arm-none-eabi/7.3.1/thumb/v7e-m/fpv4-sp/hard\libgcc.a(_aeabi_uldivmod.o)
 .debug_frame   0x00000000000042d0       0x34 c:/st/stm32cubeide_1.5.1/stm32cubeide/plugins/com.st.stm32cube.ide.mcu.externaltools.gnu-tools-for-stm32.7-2018-q2-update.win32_1.5.0.202011040924/tools/bin/../lib/gcc/arm-none-eabi/7.3.1/thumb/v7e-m/fpv4-sp/hard\libgcc.a(_udivmoddi4.o)
